
[1m[46m RUN [49m[22m [36mv4.1.3 [39m[90mC:/Users/Victor/Desktop/Yo/TFI-UTN[39m

 [32mÔ£ô[39m apps/backend/tests/modules/IAM/buildAuthUser.test.ts [2m([22m[2m8 tests[22m[2m)[22m[32m 18[2mms[22m[39m
 [32mÔ£ô[39m apps/backend/tests/modules/IAM/UpdateMeService.test.ts [2m([22m[2m1 test[22m[2m)[22m[32m 17[2mms[22m[39m
[90mstdout[2m | apps/backend/tests/modules/IAM/issueAuthCookies.test.ts
[22m[39mÔùç injected env (0) from .env // tip: Ôùê encrypted .env [www.dotenvx.com]

 [31mÔØ»[39m apps/backend/tests/modules/IAM/issueAuthCookies.test.ts [2m([22m[2m0 test[22m[2m)[22m
 [32mÔ£ô[39m apps/backend/tests/modules/IAM/MeService.test.ts [2m([22m[2m2 tests[22m[2m)[22m[32m 14[2mms[22m[39m
 [32mÔ£ô[39m apps/backend/tests/modules/IAM/RegisterService.test.ts [2m([22m[2m2 tests[22m[2m)[22m[32m 20[2mms[22m[39m
[90mstdout[2m | apps/backend/tests/modules/IAM/requestTokenService.test.ts[2m > [22m[2mrequestTokenService[2m > [22m[2mTC-B-REQ-TOKEN-02: crea nuevo token eliminando anteriores en transacci├│n exitosa
[22m[39m[IAM] Verification token for PHONE_CHANGE (555-1234) user=my-user: 962853 expires=2026-04-08T16:56:53.246Z

 [32mÔ£ô[39m apps/backend/tests/modules/IAM/requestTokenService.test.ts [2m([22m[2m2 tests[22m[2m)[22m[32m 22[2mms[22m[39m
 [32mÔ£ô[39m apps/backend/tests/modules/IAM/LoginService.test.ts [2m([22m[2m4 tests[22m[2m)[22m[32m 20[2mms[22m[39m
 [32mÔ£ô[39m apps/backend/tests/modules/IAM/verifyUpdateService.test.ts [2m([22m[2m4 tests[22m[2m)[22m[32m 24[2mms[22m[39m

[2m Test Files [22m [1m[31m1 failed[39m[22m[2m | [22m[1m[32m7 passed[39m[22m[90m (8)[39m
[2m      Tests [22m [1m[32m23 passed[39m[22m[90m (23)[39m
[2m   Start at [22m 13:46:52
[2m   Duration [22m 706ms[2m (transform 860ms, setup 0ms, import 1.75s, tests 134ms, environment 3ms)[22m

